=== ABFT GEMM (cuBLAS, online pipelined) ===
Mode           : online  (inject=none)
M x K x N      : 8192 x 4096 x 2048
Process grid   : 1 x 1  (world=1)
Frags per rank : 8
Repeats        : 1
Samples        : 5
Threshold      : 1 (override)
Encoding       : overlap
GPUs visible   : 1

[Rank 0] 5 timed trials × 1 iters/trial

========== EXPERIMENT METRICS (global) ==========
Mode              : online / inject=none
M x K x N         : 8192 x 4096 x 2048
Process grid      : 1 x 1
Frags per rank    : 8
Total fragments   : 8
Repeats           : 1
Threshold used    : 1.0000
--- Timing (worst rank) ---
Baseline   min/med/max : 15.4261 / 15.4285 / 15.4299  ms
Baseline   GFLOPS (med): 8908.1458  (min 8907.3335, max 8909.5185)
Protected  min/med/max : 17.4490 / 17.5063 / 17.5230  ms
Protected  GFLOPS (med): 7850.8497  (min 7843.3667, max 7876.5916)
Overhead (median)      : 13.4673 %
--- Confusion Matrix (global) ---
TP / TN / FP / FN     : 0 / 40 / 0 / 0
Recall                : 0.0000
Detection precision   : 0.0000
Correction precision  : 0.0000 %
==================================================

