=== ABFT GEMM (cuBLAS, online pipelined) ===
Mode           : online  (inject=none)
M x K x N      : 1024 x 1024 x 1024
Process grid   : 1 x 1  (world=1)
Frags per rank : 8
Repeats        : 1
Samples        : 5
Threshold      : 1 (override)
Encoding       : overlap
GPUs visible   : 1

[Rank 0] 5 timed trials × 1 iters/trial

========== EXPERIMENT METRICS (global) ==========
Mode              : online / inject=none
M x K x N         : 1024 x 1024 x 1024
Process grid      : 1 x 1
Frags per rank    : 8
Total fragments   : 8
Repeats           : 1
Threshold used    : 1.0000
--- Timing (worst rank) ---
Baseline   min/med/max : 1.0885 / 1.0912 / 1.0951  ms
Baseline   GFLOPS (med): 1968.0596  (min 1960.9896, max 1972.8490)
Protected  min/med/max : 3.2247 / 3.2427 / 3.2449  ms
Protected  GFLOPS (med): 662.2548  (min 661.7937, max 665.9448)
Overhead (median)      : 197.1756 %
--- Confusion Matrix (global) ---
TP / TN / FP / FN     : 0 / 40 / 0 / 0
Recall                : 0.0000
Detection precision   : 0.0000
Correction precision  : 0.0000 %
==================================================

